------------------------------------------------------------
TimeQuest Timing Analyzer Summary
------------------------------------------------------------

Type  : Slow 1100mV 85C Model Setup 'clk'
Slack : -14.072
TNS   : -12504.109

Type  : Slow 1100mV 85C Model Hold 'clk'
Slack : 0.557
TNS   : 0.000

Type  : Slow 1100mV 85C Model Minimum Pulse Width 'clk'
Slack : -3.545
TNS   : -10469.830

Type  : Slow 1100mV 0C Model Setup 'clk'
Slack : -14.517
TNS   : -12917.726

Type  : Slow 1100mV 0C Model Hold 'clk'
Slack : 0.544
TNS   : 0.000

Type  : Slow 1100mV 0C Model Minimum Pulse Width 'clk'
Slack : -3.545
TNS   : -10464.268

Type  : Fast 1100mV 85C Model Setup 'clk'
Slack : -5.280
TNS   : -4553.271

Type  : Fast 1100mV 85C Model Hold 'clk'
Slack : 0.198
TNS   : 0.000

Type  : Fast 1100mV 85C Model Minimum Pulse Width 'clk'
Slack : -2.174
TNS   : -6748.517

Type  : Fast 1100mV 0C Model Setup 'clk'
Slack : -4.829
TNS   : -4263.121

Type  : Fast 1100mV 0C Model Hold 'clk'
Slack : 0.191
TNS   : 0.000

Type  : Fast 1100mV 0C Model Minimum Pulse Width 'clk'
Slack : -2.174
TNS   : -6750.147

------------------------------------------------------------
